// Jest Snapshot v1, https://goo.gl/fbAQLP

exports[`matches snapshot 1`] = `
<table
  cellSpacing="0"
>
  <thead>
    <tr>
      <th
        scope="col"
      >
        Mission
      </th>
      <th
        scope="col"
      >
        Description
      </th>
      <th
        scope="col"
      >
        Status
      </th>
      <th
        aria-label="empty-th"
        scope="col"
      />
    </tr>
  </thead>
  <tbody />
</table>
`;
